level,pc_setup,solve_time
5,45.0,2000.0
6,65.0,2020.0
7,70.0,2170.0