level,pc_setup,solve_time
5,65.0,3500.0
6,68.0,2340.0
7,72.0,2580.0
